#-----------------------------------------------------------
# Vivado v2023.2 (64-bit)
# SW Build 4029153 on Fri Oct 13 20:13:54 MDT 2023
# IP Build 4028589 on Sat Oct 14 00:45:43 MDT 2023
# SharedData Build 4025554 on Tue Oct 10 17:18:54 MDT 2023
# Start of session at: Wed Mar 13 18:30:54 2024
# Process ID: 19354
# Current directory: /home/tamamo/Documents/ENE331_workspace/ENE331-Embedded/musicHaredware_ip/musicHaredware_ip.runs/impl_1
# Command line: vivado -log design_1_wrapper.vdi -applog -product Vivado -messageDb vivado.pb -mode batch -source design_1_wrapper.tcl -notrace
# Log file: /home/tamamo/Documents/ENE331_workspace/ENE331-Embedded/musicHaredware_ip/musicHaredware_ip.runs/impl_1/design_1_wrapper.vdi
# Journal file: /home/tamamo/Documents/ENE331_workspace/ENE331-Embedded/musicHaredware_ip/musicHaredware_ip.runs/impl_1/vivado.jou
# Running On: tamamo, OS: Linux, CPU Frequency: 2700.000 MHz, CPU Physical cores: 14, Host memory: 16544 MB
#-----------------------------------------------------------
source design_1_wrapper.tcl -notrace
