#-----------------------------------------------------------
# Vivado v2023.2 (64-bit)
# SW Build 4029153 on Fri Oct 13 20:13:54 MDT 2023
# IP Build 4028589 on Sat Oct 14 00:45:43 MDT 2023
# SharedData Build 4025554 on Tue Oct 10 17:18:54 MDT 2023
# Start of session at: Wed Mar 27 18:00:45 2024
# Process ID: 10624
# Current directory: /home/tamamo/Documents/ENE331_workspace/ENE331-Embedded/Cora-Z7-07S-XADC-hw.xpr/hw/hw.runs/design_1_axi_gpio_0_0_synth_1
# Command line: vivado -log design_1_axi_gpio_0_0.vds -product Vivado -mode batch -messageDb vivado.pb -notrace -source design_1_axi_gpio_0_0.tcl
# Log file: /home/tamamo/Documents/ENE331_workspace/ENE331-Embedded/Cora-Z7-07S-XADC-hw.xpr/hw/hw.runs/design_1_axi_gpio_0_0_synth_1/design_1_axi_gpio_0_0.vds
# Journal file: /home/tamamo/Documents/ENE331_workspace/ENE331-Embedded/Cora-Z7-07S-XADC-hw.xpr/hw/hw.runs/design_1_axi_gpio_0_0_synth_1/vivado.jou
# Running On: tamamo, OS: Linux, CPU Frequency: 2700.000 MHz, CPU Physical cores: 14, Host memory: 16544 MB
#-----------------------------------------------------------
source design_1_axi_gpio_0_0.tcl -notrace
